[DEBUG] ES.c.0 @ 1min | Start: 2025-05-09 09:18:00+00:00, End: 2025-05-12 09:18:00+00:00 | Lookback: 3 days

[ES @ 1min]
*ES — 1min Report*
📌 *Current Price:* `5757\.5` on Sunday, May 11, 2025 at 11:39 PM EDT

*Bias:* bullish
*Range:* `5755\.0 - 5759\.0`

*Support Levels:*
`5667\.0`, `5679\.5`, `5691\.25`, `5703\.25`, `5738\.5`, `5750\.75`

*Resistance Levels:*
`5679\.75`, `5691\.25`, `5705\.0`, `5751\.25`

*Trendlines:*
No active trendline near current price \(1min\)

*Manipulation:*
2025\-05\-11 22:58:00\+00:00 — Broke *down* at `5738\.5`

*IRZ Retracement Zone:*
• `0\.618`: 5756\.53
• `0\.707`: 5756\.17
• `0\.786`: 5755\.86

🟪 IRZ Levels \(projected upward\):
Retrace Zone → 5756\.53 / 5756\.17 / 5755\.86
Profit Targets → 5759\.94 / 5761\.47 / 5763\.0

🎯 *\-0\.236*: `5759\.94`
🎯 *\-0\.618*: `5761\.47`
🎯 *\-1\.0*: `5763\.0`

🖼 [Chart Image](Charts/chart\_ES\_1min\.jpg)
[DEBUG] ES.c.0 @ 5min | Start: 2025-05-08 09:18:00+00:00, End: 2025-05-12 09:18:00+00:00 | Lookback: 4 days

[ES @ 5min]
*ES — 5min Report*
📌 *Current Price:* `5757\.5` on Sunday, May 11, 2025 at 11:35 PM EDT

*Bias:* bullish
*Range:* `5742\.75 - 5761\.0`

*Support Levels:*
`5658\.5`, `5673\.0`, `5684\.5`, `5704\.75`, `5743\.25`

*Resistance Levels:*
`5686\.75`, `5700\.0`, `5712\.0`, `5727\.75`

*Trendlines:*
No active trendline near current price \(5min\)

*Manipulation:*
2025\-05\-09 14:35:00\+00:00 — Broke *down* at `5668\.0`

*IRZ Retracement Zone:*
• `0\.618`: 5749\.72
• `0\.707`: 5748\.1
• `0\.786`: 5746\.66

🟪 IRZ Levels \(projected upward\):
Retrace Zone → 5749\.72 / 5748\.1 / 5746\.66
Profit Targets → 5765\.31 / 5772\.28 / 5779\.25

🎯 *\-0\.236*: `5765\.31`
🎯 *\-0\.618*: `5772\.28`
🎯 *\-1\.0*: `5779\.25`

🖼 [Chart Image](Charts/chart\_ES\_5min\.jpg)
[DEBUG] ES.c.0 @ 15min | Start: 2025-05-08 09:18:00+00:00, End: 2025-05-12 09:18:00+00:00 | Lookback: 4 days

[ES @ 15min]
*ES — 15min Report*
📌 *Current Price:* `5757\.5` on Sunday, May 11, 2025 at 11:30 PM EDT

*Bias:* bullish
*Range:* `5662\.5 - 5768\.5`

*Support Levels:*
`5662\.0`, `5684\.0`

*Resistance Levels:*
`5695\.0`, `5707\.0`, `5739\.0`

*Trendlines:*
No active trendline near current price \(15min\)

*Manipulation:*
2025\-05\-08 14:45:00\+00:00 — Broke *down* at `5662\.0`

*IRZ Retracement Zone:*
• `0\.618`: 5702\.99
• `0\.707`: 5693\.56
• `0\.786`: 5685\.18

🟪 IRZ Levels \(projected upward\):
Retrace Zone → 5702\.99 / 5693\.56 / 5685\.18
Profit Targets → 5793\.52 / 5834\.01 / 5874\.5

🎯 *\-0\.236*: `5793\.52`
🎯 *\-0\.618*: `5834\.01`
🎯 *\-1\.0*: `5874\.5`

🖼 [Chart Image](Charts/chart\_ES\_15min\.jpg)
[DEBUG] ES.c.0 @ 1h | Start: 2025-05-07 09:18:00+00:00, End: 2025-05-12 09:18:00+00:00 | Lookback: 5 days

[ES @ 1h]
*ES — 1h Report*
📌 *Current Price:* `5757\.5` on Sunday, May 11, 2025 at 11:00 PM EDT

*Bias:* bullish
*Range:* `5641\.25 - 5768\.5`

*Support Levels:*
`5627\.75`, `5643\.25`, `5675\.0`

*Resistance Levels:*
`5717\.0`, `5738\.75`

*Trendlines:*
🟩 Support trendline detected \(1h\)
    Touch points: 5596\.00, 5653\.00, 5665\.25, 5662\.50
🟥 Resistance trendline detected \(1h\)
    Touch points: 5667\.75, 5741\.00, 5715\.25, 5768\.50

*Manipulation:*
2025\-05\-07 17:00:00\+00:00 — Broke *down* at `5627\.75`

*IRZ Retracement Zone:*
• `0\.618`: 5689\.86
• `0\.707`: 5678\.53
• `0\.786`: 5668\.48

🟪 IRZ Levels \(projected upward\):
Retrace Zone → 5689\.86 / 5678\.53 / 5668\.48
Profit Targets → 5798\.53 / 5847\.14 / 5895\.75

🎯 *\-0\.236*: `5798\.53`
🎯 *\-0\.618*: `5847\.14`
🎯 *\-1\.0*: `5895\.75`

🖼 [Chart Image](Charts/chart\_ES\_1h\.jpg)
[DEBUG] ES.c.0 @ 4h | Start: 2025-04-22 09:19:00+00:00, End: 2025-05-12 09:19:00+00:00 | Lookback: 20 days

[ES @ 4h]
*ES — 4h Report*
📌 *Current Price:* `5757\.5` on Sunday, May 11, 2025 at 08:00 PM EDT

*Bias:* bullish
*Range:* `5455\.5 - 5768\.5`

*Support Levels:*
`5220\.0`, `5517\.75`

*Resistance Levels:*
`5710\.5`

*Trendlines:*
🟩 Support trendline detected \(4h\)
    Touch points: 5355\.25, 5492\.00, 5455\.50, 5601\.00, 5596\.00
🟥 Resistance trendline detected \(4h\)
    Touch points: 5499\.75, 5578\.75, 5597\.25, 5682\.50, 5724\.75, 5706\.25, 5689\.75, 5741\.00

*Manipulation:*
2025\-04\-22 00:00:00\+00:00 — Broke *down* at `5204\.0`

*IRZ Retracement Zone:*
• `0\.618`: 5575\.07
• `0\.707`: 5547\.21
• `0\.786`: 5522\.48

🟪 IRZ Levels \(projected upward\):
Retrace Zone → 5575\.07 / 5547\.21 / 5522\.48
Profit Targets → 5842\.37 / 5961\.93 / 6081\.5

🎯 *\-0\.236*: `5842\.37`
🎯 *\-0\.618*: `5961\.93`
🎯 *\-1\.0*: `6081\.5`

🖼 [Chart Image](Charts/chart\_ES\_4h\.jpg)
