[DEBUG] ES.c.0 @ 1min | Start: 2025-05-09 10:18:00+00:00, End: 2025-05-12 10:18:00+00:00 | Lookback: 3 days

[ES @ 1min]
*ES — 1min Report*
📌 *Current Price:* `5842\.25` on Monday, May 12, 2025 at 06:17 AM EDT

*Bias:* bullish
*Range:* `5834\.75 - 5842\.5`

*Support Levels:*
`5667\.0`, `5679\.5`, `5694\.75`, `5738\.5`, `5750\.75`, `5763\.25`, `5814\.5`, `5829\.5`

*Resistance Levels:*
`5679\.75`, `5693\.5`, `5705\.0`, `5751\.25`, `5764\.5`, `5837\.75`

*Trendlines:*
🟥 Support \(flipped from resistance\) trendline detected \(1min\)
    Touch points: 5702\.50, 5703\.25, 5701\.75, 5705\.25, 5705\.25, 5715\.25, 5697\.50, 5703\.75, 5703\.75, 5703\.50, 5699\.00, 5699\.00, 5710\.75, 5710\.50, 5710\.50, 5710\.50, 5710\.50, 5710\.00, 5702\.25, 5707\.75, 5708\.75, 5681\.50, 5687\.50, 5686\.25, 5685\.75, 5690\.25, 5691\.50, 5680\.50, 5680\.00, 5674\.75, 5671\.25, 5676\.00, 5679\.25, 5685\.50, 5688\.50, 5685\.25, 5682\.75, 5682\.75, 5682\.75, 5686\.00, 5694\.00, 5694\.00, 5690\.75, 5687\.00, 5684\.00, 5685\.75, 5681\.75, 5680\.50, 5679\.25, 5768\.50, 5756\.00, 5742\.50, 5743\.00, 5748\.50, 5755\.75, 5754\.00, 5752\.00, 5751\.50, 5756\.50, 5761\.00, 5761\.00, 5761\.00, 5761\.00, 5756\.50, 5756\.50, 5756\.50, 5756\.50, 5756\.50, 5754\.50, 5755\.50, 5757\.25, 5757\.75, 5757\.50, 5759\.00, 5759\.25, 5761\.00, 5761\.00, 5761\.00, 5761\.00, 5761\.00, 5761\.00, 5761\.00, 5761\.00, 5761\.00, 5761\.00, 5761\.00, 5761\.00, 5761\.00, 5762\.75, 5762\.75, 5761\.75, 5761\.75, 5761\.75, 5762\.00, 5762\.50, 5761\.75, 5761\.75, 5762\.25, 5767\.50, 5765\.00, 5767\.50, 5770\.75, 5835\.00, 5846\.75, 5840\.25, 5853\.75, 5826\.25, 5827\.25, 5836\.50, 5838\.50, 5838\.50, 5838\.50, 5838\.50, 5838\.50, 5838\.50, 5840\.00, 5842\.50

*Manipulation:*
2025\-05\-12 05:35:00\+00:00 — Broke *down* at `5759\.75`

*IRZ Retracement Zone:*
• `0\.618`: 5837\.71
• `0\.707`: 5837\.02
• `0\.786`: 5836\.41

🟪 IRZ Levels \(projected upward\):
Retrace Zone → 5837\.71 / 5837\.02 / 5836\.41
Profit Targets → 5844\.33 / 5847\.29 / 5850\.25

🎯 *\-0\.236*: `5844\.33`
🎯 *\-0\.618*: `5847\.29`
🎯 *\-1\.0*: `5850\.25`

🖼 [Chart Image](Charts/chart\_ES\_1min\.jpg)
[DEBUG] ES.c.0 @ 5min | Start: 2025-05-08 10:18:00+00:00, End: 2025-05-12 10:18:00+00:00 | Lookback: 4 days

[ES @ 5min]
*ES — 5min Report*
📌 *Current Price:* `5842\.25` on Monday, May 12, 2025 at 06:15 AM EDT

*Bias:* bullish
*Range:* `5759\.25 - 5853\.75`

*Support Levels:*
`5658\.5`, `5673\.0`, `5685\.25`, `5713\.75`, `5743\.25`, `5755\.5`

*Resistance Levels:*
`5686\.75`, `5703\.75`, `5716\.5`, `5733\.25`

*Trendlines:*
No active trendline near current price \(5min\)

*Manipulation:*
2025\-05\-09 14:35:00\+00:00 — Broke *down* at `5668\.0`

*IRZ Retracement Zone:*
• `0\.618`: 5795\.35
• `0\.707`: 5786\.94
• `0\.786`: 5779\.47

🟪 IRZ Levels \(projected upward\):
Retrace Zone → 5795\.35 / 5786\.94 / 5779\.47
Profit Targets → 5876\.05 / 5912\.15 / 5948\.25

🎯 *\-0\.236*: `5876\.05`
🎯 *\-0\.618*: `5912\.15`
🎯 *\-1\.0*: `5948\.25`

🖼 [Chart Image](Charts/chart\_ES\_5min\.jpg)
[DEBUG] ES.c.0 @ 15min | Start: 2025-05-08 10:18:00+00:00, End: 2025-05-12 10:18:00+00:00 | Lookback: 4 days

[ES @ 15min]
*ES — 15min Report*
📌 *Current Price:* `5842\.25` on Monday, May 12, 2025 at 06:15 AM EDT

*Bias:* bullish
*Range:* `5734\.25 - 5853\.75`

*Support Levels:*
`5662\.0`, `5684\.0`, `5751\.25`

*Resistance Levels:*
`5695\.0`, `5707\.0`, `5739\.0`, `5850\.5`

*Trendlines:*
No active trendline near current price \(15min\)

*Manipulation:*
2025\-05\-08 14:45:00\+00:00 — Broke *down* at `5662\.0`

*IRZ Retracement Zone:*
• `0\.618`: 5779\.9
• `0\.707`: 5769\.26
• `0\.786`: 5759\.82

🟪 IRZ Levels \(projected upward\):
Retrace Zone → 5779\.9 / 5769\.26 / 5759\.82
Profit Targets → 5881\.95 / 5927\.6 / 5973\.25

🎯 *\-0\.236*: `5881\.95`
🎯 *\-0\.618*: `5927\.6`
🎯 *\-1\.0*: `5973\.25`

🖼 [Chart Image](Charts/chart\_ES\_15min\.jpg)
[DEBUG] ES.c.0 @ 1h | Start: 2025-05-07 10:18:00+00:00, End: 2025-05-12 10:18:00+00:00 | Lookback: 5 days

[ES @ 1h]
*ES — 1h Report*
📌 *Current Price:* `5842\.25` on Monday, May 12, 2025 at 06:00 AM EDT

*Bias:* bullish
*Range:* `5653\.0 - 5853\.75`

*Support Levels:*
`5627\.75`, `5643\.25`, `5668\.5`

*Resistance Levels:*
`5717\.0`, `5738\.75`

*Trendlines:*
🟩 Support trendline detected \(1h\)
    Touch points: 5596\.00, 5653\.00, 5665\.25, 5662\.50

*Manipulation:*
2025\-05\-07 17:00:00\+00:00 — Broke *down* at `5627\.75`

*IRZ Retracement Zone:*
• `0\.618`: 5729\.69
• `0\.707`: 5711\.82
• `0\.786`: 5695\.96

🟪 IRZ Levels \(projected upward\):
Retrace Zone → 5729\.69 / 5711\.82 / 5695\.96
Profit Targets → 5901\.13 / 5977\.81 / 6054\.5

🎯 *\-0\.236*: `5901\.13`
🎯 *\-0\.618*: `5977\.81`
🎯 *\-1\.0*: `6054\.5`

🖼 [Chart Image](Charts/chart\_ES\_1h\.jpg)
[DEBUG] ES.c.0 @ 4h | Start: 2025-04-22 10:18:00+00:00, End: 2025-05-12 10:18:00+00:00 | Lookback: 20 days

[ES @ 4h]
*ES — 4h Report*
📌 *Current Price:* `5842\.25` on Monday, May 12, 2025 at 04:00 AM EDT

*Bias:* bullish
*Range:* `5455\.5 - 5853\.75`

*Support Levels:*
`5220\.0`, `5517\.75`

*Resistance Levels:*
`5710\.5`

*Trendlines:*
🟩 Support trendline detected \(4h\)
    Touch points: 5355\.25, 5492\.00, 5455\.50, 5601\.00, 5596\.00, 5662\.50
🟥 Resistance trendline detected \(4h\)
    Touch points: 5499\.75, 5578\.75, 5597\.25, 5682\.50, 5724\.75, 5706\.25, 5689\.75, 5741\.00

*Manipulation:*
2025\-04\-22 08:00:00\+00:00 — Broke *down* at `5220\.25`

*IRZ Retracement Zone:*
• `0\.618`: 5607\.63
• `0\.707`: 5572\.19
• `0\.786`: 5540\.73

🟪 IRZ Levels \(projected upward\):
Retrace Zone → 5607\.63 / 5572\.19 / 5540\.73
Profit Targets → 5947\.74 / 6099\.87 / 6252\.0

🎯 *\-0\.236*: `5947\.74`
🎯 *\-0\.618*: `6099\.87`
🎯 *\-1\.0*: `6252\.0`

🖼 [Chart Image](Charts/chart\_ES\_4h\.jpg)
