[DEBUG] ES.c.0 @ 1min | Start: 2025-05-09 13:18:00+00:00, End: 2025-05-12 13:18:00+00:00 | Lookback: 3 days

[ES @ 1min]
*ES — 1min Report*
📌 *Current Price:* `5848\.5` on Monday, May 12, 2025 at 09:17 AM EDT

*Bias:* bullish
*Range:* `5841\.5 - 5862\.0`

*Support Levels:*
`5667\.0`, `5679\.5`, `5738\.5`, `5750\.75`, `5763\.25`, `5814\.5`, `5829\.5`, `5842\.25`

*Resistance Levels:*
`5679\.75`, `5693\.5`, `5707\.0`, `5751\.25`, `5764\.5`, `5837\.75`, `5853\.5`

*Trendlines:*
🟥 Support \(flipped from resistance\) trendline detected \(1min\)
    Touch points: 5710\.00, 5702\.25, 5707\.75, 5708\.75, 5681\.50, 5687\.50, 5686\.25, 5685\.75, 5690\.25, 5691\.50, 5680\.50, 5680\.00, 5674\.75, 5671\.25, 5676\.00, 5679\.25, 5685\.50, 5688\.50, 5685\.25, 5682\.75, 5682\.75, 5682\.75, 5686\.00, 5694\.00, 5694\.00, 5690\.75, 5687\.00, 5684\.00, 5685\.75, 5681\.75, 5680\.50, 5679\.25, 5768\.50, 5756\.00, 5742\.50, 5743\.00, 5748\.50, 5755\.75, 5754\.00, 5752\.00, 5751\.50, 5756\.50, 5761\.00, 5761\.00, 5761\.00, 5761\.00, 5756\.50, 5756\.50, 5756\.50, 5756\.50, 5756\.50, 5754\.50, 5755\.50, 5757\.25, 5757\.75, 5757\.50, 5759\.00, 5759\.25, 5761\.00, 5761\.00, 5761\.00, 5761\.00, 5761\.00, 5761\.00, 5761\.00, 5761\.00, 5761\.00, 5761\.00, 5761\.00, 5761\.00, 5761\.00, 5762\.75, 5762\.75, 5761\.75, 5761\.75, 5761\.75, 5762\.00, 5762\.50, 5761\.75, 5761\.75, 5762\.25, 5767\.50, 5765\.00, 5767\.50, 5770\.75, 5835\.00, 5846\.75, 5840\.25, 5853\.75, 5826\.25, 5827\.25, 5836\.50, 5838\.50, 5838\.50, 5838\.50, 5838\.50, 5838\.50, 5838\.50, 5840\.00, 5842\.50, 5842\.25, 5857\.25, 5861\.75, 5865\.75, 5855\.50, 5858\.25, 5855\.50, 5855\.50, 5851\.50, 5851\.50, 5862\.00, 5852\.75, 5852\.75, 5854\.00

*Manipulation:*
2025\-05\-12 08:23:00\+00:00 — Broke *down* at `5817\.5`

*IRZ Retracement Zone:*
• `0\.618`: 5849\.33
• `0\.707`: 5847\.51
• `0\.786`: 5845\.89

🟪 IRZ Levels \(projected upward\):
Retrace Zone → 5849\.33 / 5847\.51 / 5845\.89
Profit Targets → 5866\.84 / 5874\.67 / 5882\.5

🎯 *\-0\.236*: `5866\.84`
🎯 *\-0\.618*: `5874\.67`
🎯 *\-1\.0*: `5882\.5`

🖼 [Chart Image](Charts/chart\_ES\_1min\.jpg)
[DEBUG] ES.c.0 @ 5min | Start: 2025-05-08 13:18:00+00:00, End: 2025-05-12 13:18:00+00:00 | Lookback: 4 days

[ES @ 5min]
*ES — 5min Report*
📌 *Current Price:* `5848\.5` on Monday, May 12, 2025 at 09:15 AM EDT

*Bias:* bullish
*Range:* `5828\.75 - 5865\.75`

*Support Levels:*
`5658\.5`, `5673\.0`, `5685\.25`, `5713\.75`, `5743\.25`, `5755\.5`, `5828\.5`

*Resistance Levels:*
`5686\.75`, `5704\.75`, `5727\.75`, `5856\.75`

*Trendlines:*
🟥 Resistance trendline detected \(5min\)
    Touch points: 5688\.00, 5733\.50, 5741\.00, 5728\.75, 5732\.00, 5690\.50, 5688\.00, 5695\.75, 5692\.75, 5693\.25, 5693\.50, 5693\.50, 5693\.00, 5698\.25, 5691\.00, 5690\.00, 5703\.25, 5715\.25, 5710\.75, 5710\.00, 5708\.75, 5687\.50, 5691\.50, 5688\.50, 5694\.00, 5768\.50, 5755\.75, 5761\.00, 5761\.00, 5761\.00, 5756\.50, 5756\.50, 5761\.00, 5761\.00, 5762\.75, 5762\.50, 5767\.50, 5853\.75, 5838\.50, 5865\.75, 5862\.00

*Manipulation:*
2025\-05\-09 14:35:00\+00:00 — Broke *down* at `5668\.0`

*IRZ Retracement Zone:*
• `0\.618`: 5842\.88
• `0\.707`: 5839\.59
• `0\.786`: 5836\.67

🟪 IRZ Levels \(projected upward\):
Retrace Zone → 5842\.88 / 5839\.59 / 5836\.67
Profit Targets → 5874\.48 / 5888\.62 / 5902\.75

🎯 *\-0\.236*: `5874\.48`
🎯 *\-0\.618*: `5888\.62`
🎯 *\-1\.0*: `5902\.75`

🖼 [Chart Image](Charts/chart\_ES\_5min\.jpg)
[DEBUG] ES.c.0 @ 15min | Start: 2025-05-08 13:18:00+00:00, End: 2025-05-12 13:18:00+00:00 | Lookback: 4 days

[ES @ 15min]
*ES — 15min Report*
📌 *Current Price:* `5848\.5` on Monday, May 12, 2025 at 09:15 AM EDT

*Bias:* bullish
*Range:* `5750\.25 - 5865\.75`

*Support Levels:*
`5662\.0`, `5684\.0`, `5751\.25`, `5767\.0`

*Resistance Levels:*
`5695\.0`, `5707\.0`, `5739\.0`, `5850\.5`

*Trendlines:*
No active trendline near current price \(15min\)

*Manipulation:*
2025\-05\-08 14:45:00\+00:00 — Broke *down* at `5662\.0`

*IRZ Retracement Zone:*
• `0\.618`: 5794\.37
• `0\.707`: 5784\.09
• `0\.786`: 5774\.97

🟪 IRZ Levels \(projected upward\):
Retrace Zone → 5794\.37 / 5784\.09 / 5774\.97
Profit Targets → 5893\.01 / 5937\.13 / 5981\.25

🎯 *\-0\.236*: `5893\.01`
🎯 *\-0\.618*: `5937\.13`
🎯 *\-1\.0*: `5981\.25`

🖼 [Chart Image](Charts/chart\_ES\_15min\.jpg)
[DEBUG] ES.c.0 @ 1h | Start: 2025-05-07 13:18:00+00:00, End: 2025-05-12 13:18:00+00:00 | Lookback: 5 days

[ES @ 1h]
*ES — 1h Report*
📌 *Current Price:* `5848\.5` on Monday, May 12, 2025 at 09:00 AM EDT

*Bias:* bullish
*Range:* `5653\.0 - 5865\.75`

*Support Levels:*
`5627\.75`, `5643\.25`, `5668\.5`

*Resistance Levels:*
`5717\.0`, `5738\.75`

*Trendlines:*
🟩 Support trendline detected \(1h\)
    Touch points: 5596\.00, 5653\.00, 5665\.25, 5662\.50

*Manipulation:*
2025\-05\-07 17:00:00\+00:00 — Broke *down* at `5627\.75`

*IRZ Retracement Zone:*
• `0\.618`: 5734\.27
• `0\.707`: 5715\.34
• `0\.786`: 5698\.53

🟪 IRZ Levels \(projected upward\):
Retrace Zone → 5734\.27 / 5715\.34 / 5698\.53
Profit Targets → 5915\.96 / 5997\.23 / 6078\.5

🎯 *\-0\.236*: `5915\.96`
🎯 *\-0\.618*: `5997\.23`
🎯 *\-1\.0*: `6078\.5`

🖼 [Chart Image](Charts/chart\_ES\_1h\.jpg)
[DEBUG] ES.c.0 @ 4h | Start: 2025-04-22 13:18:00+00:00, End: 2025-05-12 13:18:00+00:00 | Lookback: 20 days

[ES @ 4h]
*ES — 4h Report*
📌 *Current Price:* `5848\.5` on Monday, May 12, 2025 at 08:00 AM EDT

*Bias:* bullish
*Range:* `5512\.25 - 5865\.75`

*Support Levels:*
`5517\.75`

*Resistance Levels:*
`5710\.5`

*Trendlines:*
🟩 Support trendline detected \(4h\)
    Touch points: 5355\.25, 5492\.00, 5455\.50, 5601\.00, 5596\.00, 5662\.50
🟥 Resistance trendline detected \(4h\)
    Touch points: 5499\.75, 5578\.75, 5597\.25, 5682\.50, 5724\.75, 5706\.25, 5689\.75, 5741\.00

*Manipulation:*
2025\-04\-22 12:00:00\+00:00 — Broke *down* at `5307\.5`

*IRZ Retracement Zone:*
• `0\.618`: 5647\.29
• `0\.707`: 5615\.83
• `0\.786`: 5587\.9

🟪 IRZ Levels \(projected upward\):
Retrace Zone → 5647\.29 / 5615\.83 / 5587\.9
Profit Targets → 5949\.18 / 6084\.21 / 6219\.25

🎯 *\-0\.236*: `5949\.18`
🎯 *\-0\.618*: `6084\.21`
🎯 *\-1\.0*: `6219\.25`

🖼 [Chart Image](Charts/chart\_ES\_4h\.jpg)
